// Jest Snapshot v1, https://goo.gl/fbAQLP

exports[`QR Scanner Modal component Should match when render component 1`] = `
ShallowWrapper {
  Symbol(enzyme.__root__): [Circular],
  Symbol(enzyme.__unrendered__): <QRScannerModal
    onClose={[Function]}
    onRead={[Function]}
    visible={false}
  />,
  Symbol(enzyme.__renderer__): Object {
    "batchedUpdates": [Function],
    "getNode": [Function],
    "render": [Function],
    "simulateError": [Function],
    "simulateEvent": [Function],
    "unmount": [Function],
  },
  Symbol(enzyme.__node__): Object {
    "instance": null,
    "key": undefined,
    "nodeType": "class",
    "props": Object {
      "animationType": "slide",
      "children": <QRCodeComponent
        checkAndroid6Permissions={true}
        onClose={[Function]}
        onRead={[Function]}
      />,
      "hardwareAccelerated": false,
      "onRequestClose": [Function],
      "visible": false,
    },
    "ref": null,
    "rendered": Object {
      "instance": null,
      "key": undefined,
      "nodeType": "function",
      "props": Object {
        "checkAndroid6Permissions": true,
        "onClose": [Function],
        "onRead": [Function],
      },
      "ref": null,
      "rendered": null,
      "type": [Function],
    },
    "type": [Function],
  },
  Symbol(enzyme.__nodes__): Array [
    Object {
      "instance": null,
      "key": undefined,
      "nodeType": "class",
      "props": Object {
        "animationType": "slide",
        "children": <QRCodeComponent
          checkAndroid6Permissions={true}
          onClose={[Function]}
          onRead={[Function]}
        />,
        "hardwareAccelerated": false,
        "onRequestClose": [Function],
        "visible": false,
      },
      "ref": null,
      "rendered": Object {
        "instance": null,
        "key": undefined,
        "nodeType": "function",
        "props": Object {
          "checkAndroid6Permissions": true,
          "onClose": [Function],
          "onRead": [Function],
        },
        "ref": null,
        "rendered": null,
        "type": [Function],
      },
      "type": [Function],
    },
  ],
  Symbol(enzyme.__options__): Object {
    "adapter": ReactSixteenThreeAdapter {
      "options": Object {
        "enableComponentDidUpdateOnSetState": true,
        "lifecycles": Object {
          "componentDidUpdate": Object {
            "onSetState": true,
          },
          "getDerivedStateFromProps": true,
          "getSnapshotBeforeUpdate": true,
          "setState": Object {
            "skipsComponentDidUpdateOnNullish": true,
          },
        },
      },
    },
    "disableLifecycleMethods": true,
  },
}
`;
