// Jest Snapshot v1, https://goo.gl/fbAQLP

exports[`Account name input component Should match when render component 1`] = `
ShallowWrapper {
  Symbol(enzyme.__root__): [Circular],
  Symbol(enzyme.__unrendered__): <AccountNameInput
    onChangeText={[Function]}
    pin="123456"
    totalAccounts={1}
  />,
  Symbol(enzyme.__renderer__): Object {
    "batchedUpdates": [Function],
    "getNode": [Function],
    "render": [Function],
    "simulateError": [Function],
    "simulateEvent": [Function],
    "unmount": [Function],
  },
  Symbol(enzyme.__node__): Object {
    "instance": null,
    "key": undefined,
    "nodeType": "function",
    "props": Object {
      "children": Array [
        <Input
          editable={true}
          label="NAME"
          labelWrapperColor="#3f415d"
          numbersOnly={false}
          onChangeText={[Function]}
          placeholder="My precious account"
          placeholderTextColor="#66688F"
          returnKeyType="send"
          showPlaceholder={true}
          value="Account 1"
        />,
        false,
      ],
    },
    "ref": null,
    "rendered": Array [
      Object {
        "instance": null,
        "key": undefined,
        "nodeType": "function",
        "props": Object {
          "editable": true,
          "label": "NAME",
          "labelWrapperColor": "#3f415d",
          "numbersOnly": false,
          "onChangeText": [Function],
          "placeholder": "My precious account",
          "placeholderTextColor": "#66688F",
          "returnKeyType": "send",
          "showPlaceholder": true,
          "value": "Account 1",
        },
        "ref": null,
        "rendered": null,
        "type": [Function],
      },
      false,
    ],
    "type": Symbol(react.fragment),
  },
  Symbol(enzyme.__nodes__): Array [
    Object {
      "instance": null,
      "key": undefined,
      "nodeType": "function",
      "props": Object {
        "children": Array [
          <Input
            editable={true}
            label="NAME"
            labelWrapperColor="#3f415d"
            numbersOnly={false}
            onChangeText={[Function]}
            placeholder="My precious account"
            placeholderTextColor="#66688F"
            returnKeyType="send"
            showPlaceholder={true}
            value="Account 1"
          />,
          false,
        ],
      },
      "ref": null,
      "rendered": Array [
        Object {
          "instance": null,
          "key": undefined,
          "nodeType": "function",
          "props": Object {
            "editable": true,
            "label": "NAME",
            "labelWrapperColor": "#3f415d",
            "numbersOnly": false,
            "onChangeText": [Function],
            "placeholder": "My precious account",
            "placeholderTextColor": "#66688F",
            "returnKeyType": "send",
            "showPlaceholder": true,
            "value": "Account 1",
          },
          "ref": null,
          "rendered": null,
          "type": [Function],
        },
        false,
      ],
      "type": Symbol(react.fragment),
    },
  ],
  Symbol(enzyme.__options__): Object {
    "adapter": ReactSixteenThreeAdapter {
      "options": Object {
        "enableComponentDidUpdateOnSetState": true,
        "lifecycles": Object {
          "componentDidUpdate": Object {
            "onSetState": true,
          },
          "getDerivedStateFromProps": true,
          "getSnapshotBeforeUpdate": true,
          "setState": Object {
            "skipsComponentDidUpdateOnNullish": true,
          },
        },
      },
    },
    "disableLifecycleMethods": true,
  },
}
`;
