// Jest Snapshot v1, https://goo.gl/fbAQLP

exports[`Exchange Transactions (Sell/Buy) Snapshot Should match snapshot 1`] = `
ShallowWrapper {
  Symbol(enzyme.__root__): [Circular],
  Symbol(enzyme.__unrendered__): <ExchangeTabs
    navigation={
      Object {
        "addListener": [MockFunction],
        "getParam": [MockFunction] {
          "calls": Array [
            Array [
              "exData",
              Object {
                "available": false,
                "createTime": 0,
                "creatorAddress": "",
                "exchangeId": -1,
                "firstTokenBalance": 0,
                "firstTokenId": "",
                "price": 0,
                "secondTokenBalance": 0,
                "secondTokenId": "",
                "variation": -999,
              },
            ],
          ],
          "results": Array [
            Object {
              "isThrow": false,
              "value": Object {
                "createTime": 1542073914000,
                "creatorAddress": "TNFtRfcnATHXmPhQjf5voQHsWykCvXAjkK",
                "exchangeId": 15,
                "firstTokenBalance": 11738109,
                "firstTokenId": "TWX",
                "price": 0.4953046649179027,
                "secondTokenBalance": 5813930099903,
                "secondTokenId": "TRX",
                "variation": "-4.3394",
              },
            },
          ],
        },
      }
    }
  />,
  Symbol(enzyme.__renderer__): Object {
    "batchedUpdates": [Function],
    "getNode": [Function],
    "render": [Function],
    "simulateError": [Function],
    "simulateEvent": [Function],
    "unmount": [Function],
  },
  Symbol(enzyme.__node__): Object {
    "instance": null,
    "key": undefined,
    "nodeType": "class",
    "props": Object {
      "background": "#191A2A",
      "children": Array [
        <NavigationHeader
          onBack={[Function]}
          rightButton={
            <LockPin
              locked={true}
              onPress={[Function]}
            />
          }
          title="Exchange"
        />,
        <TabViewAnimated
          canJumpToTab={[Function]}
          initialLayout={
            Object {
              "height": 0,
              "width": 750,
            }
          }
          navigationState={
            Object {
              "askPinEx": true,
              "exchangeData": Object {
                "createTime": 1542073914000,
                "creatorAddress": "TNFtRfcnATHXmPhQjf5voQHsWykCvXAjkK",
                "exchangeId": 15,
                "firstTokenBalance": 11738109,
                "firstTokenId": "TWX",
                "price": 0.4953046649179027,
                "secondTokenBalance": 5813930099903,
                "secondTokenId": "TRX",
                "variation": "-4.3394",
              },
              "index": 0,
              "lastTransactions": Array [],
              "modalVisible": false,
              "refreshingExchange": false,
              "routes": Array [
                Object {
                  "key": "buy",
                  "title": "Buy",
                },
                Object {
                  "key": "sell",
                  "title": "Sell",
                },
              ],
            }
          }
          onIndexChange={[Function]}
          renderHeader={[Function]}
          renderPager={[Function]}
          renderScene={[Function]}
          useNativeDriver={false}
        />,
        <ActionModal
          isVisible={false}
          locked={true}
          onClose={[Function]}
          toggleLock={[Function]}
        />,
      ],
    },
    "ref": null,
    "rendered": Array [
      Object {
        "instance": null,
        "key": undefined,
        "nodeType": "class",
        "props": Object {
          "onBack": [Function],
          "rightButton": <LockPin
            locked={true}
            onPress={[Function]}
          />,
          "title": "Exchange",
        },
        "ref": null,
        "rendered": null,
        "type": [Function],
      },
      Object {
        "instance": null,
        "key": undefined,
        "nodeType": "class",
        "props": Object {
          "canJumpToTab": [Function],
          "initialLayout": Object {
            "height": 0,
            "width": 750,
          },
          "navigationState": Object {
            "askPinEx": true,
            "exchangeData": Object {
              "createTime": 1542073914000,
              "creatorAddress": "TNFtRfcnATHXmPhQjf5voQHsWykCvXAjkK",
              "exchangeId": 15,
              "firstTokenBalance": 11738109,
              "firstTokenId": "TWX",
              "price": 0.4953046649179027,
              "secondTokenBalance": 5813930099903,
              "secondTokenId": "TRX",
              "variation": "-4.3394",
            },
            "index": 0,
            "lastTransactions": Array [],
            "modalVisible": false,
            "refreshingExchange": false,
            "routes": Array [
              Object {
                "key": "buy",
                "title": "Buy",
              },
              Object {
                "key": "sell",
                "title": "Sell",
              },
            ],
          },
          "onIndexChange": [Function],
          "renderHeader": [Function],
          "renderPager": [Function],
          "renderScene": [Function],
          "useNativeDriver": false,
        },
        "ref": null,
        "rendered": null,
        "type": [Function],
      },
      Object {
        "instance": null,
        "key": undefined,
        "nodeType": "function",
        "props": Object {
          "isVisible": false,
          "locked": true,
          "onClose": [Function],
          "toggleLock": [Function],
        },
        "ref": null,
        "rendered": null,
        "type": [Function],
      },
    ],
    "type": [Function],
  },
  Symbol(enzyme.__nodes__): Array [
    Object {
      "instance": null,
      "key": undefined,
      "nodeType": "class",
      "props": Object {
        "background": "#191A2A",
        "children": Array [
          <NavigationHeader
            onBack={[Function]}
            rightButton={
              <LockPin
                locked={true}
                onPress={[Function]}
              />
            }
            title="Exchange"
          />,
          <TabViewAnimated
            canJumpToTab={[Function]}
            initialLayout={
              Object {
                "height": 0,
                "width": 750,
              }
            }
            navigationState={
              Object {
                "askPinEx": true,
                "exchangeData": Object {
                  "createTime": 1542073914000,
                  "creatorAddress": "TNFtRfcnATHXmPhQjf5voQHsWykCvXAjkK",
                  "exchangeId": 15,
                  "firstTokenBalance": 11738109,
                  "firstTokenId": "TWX",
                  "price": 0.4953046649179027,
                  "secondTokenBalance": 5813930099903,
                  "secondTokenId": "TRX",
                  "variation": "-4.3394",
                },
                "index": 0,
                "lastTransactions": Array [],
                "modalVisible": false,
                "refreshingExchange": false,
                "routes": Array [
                  Object {
                    "key": "buy",
                    "title": "Buy",
                  },
                  Object {
                    "key": "sell",
                    "title": "Sell",
                  },
                ],
              }
            }
            onIndexChange={[Function]}
            renderHeader={[Function]}
            renderPager={[Function]}
            renderScene={[Function]}
            useNativeDriver={false}
          />,
          <ActionModal
            isVisible={false}
            locked={true}
            onClose={[Function]}
            toggleLock={[Function]}
          />,
        ],
      },
      "ref": null,
      "rendered": Array [
        Object {
          "instance": null,
          "key": undefined,
          "nodeType": "class",
          "props": Object {
            "onBack": [Function],
            "rightButton": <LockPin
              locked={true}
              onPress={[Function]}
            />,
            "title": "Exchange",
          },
          "ref": null,
          "rendered": null,
          "type": [Function],
        },
        Object {
          "instance": null,
          "key": undefined,
          "nodeType": "class",
          "props": Object {
            "canJumpToTab": [Function],
            "initialLayout": Object {
              "height": 0,
              "width": 750,
            },
            "navigationState": Object {
              "askPinEx": true,
              "exchangeData": Object {
                "createTime": 1542073914000,
                "creatorAddress": "TNFtRfcnATHXmPhQjf5voQHsWykCvXAjkK",
                "exchangeId": 15,
                "firstTokenBalance": 11738109,
                "firstTokenId": "TWX",
                "price": 0.4953046649179027,
                "secondTokenBalance": 5813930099903,
                "secondTokenId": "TRX",
                "variation": "-4.3394",
              },
              "index": 0,
              "lastTransactions": Array [],
              "modalVisible": false,
              "refreshingExchange": false,
              "routes": Array [
                Object {
                  "key": "buy",
                  "title": "Buy",
                },
                Object {
                  "key": "sell",
                  "title": "Sell",
                },
              ],
            },
            "onIndexChange": [Function],
            "renderHeader": [Function],
            "renderPager": [Function],
            "renderScene": [Function],
            "useNativeDriver": false,
          },
          "ref": null,
          "rendered": null,
          "type": [Function],
        },
        Object {
          "instance": null,
          "key": undefined,
          "nodeType": "function",
          "props": Object {
            "isVisible": false,
            "locked": true,
            "onClose": [Function],
            "toggleLock": [Function],
          },
          "ref": null,
          "rendered": null,
          "type": [Function],
        },
      ],
      "type": [Function],
    },
  ],
  Symbol(enzyme.__options__): Object {
    "adapter": ReactSixteenThreeAdapter {
      "options": Object {
        "enableComponentDidUpdateOnSetState": true,
        "lifecycles": Object {
          "componentDidUpdate": Object {
            "onSetState": true,
          },
          "getDerivedStateFromProps": true,
          "getSnapshotBeforeUpdate": true,
          "setState": Object {
            "skipsComponentDidUpdateOnNullish": true,
          },
        },
      },
    },
    "disableLifecycleMethods": true,
  },
}
`;
